// Jest Snapshot v1, https://goo.gl/fbAQLP

exports[`Matches Snapshot 1`] = `
<div
  className="pageview"
  data-testid="PageView-1"
>
  <div
    className="ticketList"
    data-testid="TicketList-1"
  />
  <div
    className="page-class"
  />
</div>
`;
